// Jest Snapshot v1, https://goo.gl/fbAQLP

exports[`pagination render 1`] = `
"<div class=\\"sf-pagination\\"><button type=\\"button\\" disabled=\\"disabled\\" class=\\"btn-pre\\"><i>上一页</i></button>
  <ul class=\\"sf-pager\\"></ul> <button type=\\"button\\" disabled=\\"disabled\\" class=\\"btn-next\\"><i>下一页</i></button>
</div>"
`;
