// Jest Snapshot v1, https://goo.gl/fbAQLP

exports[`Table render 1`] = `
"<div>
  <div class=\\"sf-table\\">
    <table>
      <thead class=\\"sf-table-thead\\">
        <tr>
          <!---->
        </tr>
      </thead>
      <tbody></tbody>
    </table>
    <div class=\\"sf-table-empty\\">暂无数据</div>
    <!---->
  </div>
</div>"
`;
